
copy: tests/test-filelog.out
copyrev: 6ada7076ebee615eb64618e0d15084ede54a2602

ERROR: FIXME: This is a known failure of filelog.size for data starting with \1\n
OK.
