
copyrev: 2ce54707b648388d3c49d5155d0ec8ad44a13eac
copy: tests/test-ui-config.out

[('string', 'string value'), ('bool1', 'true'), ('bool2', 'false')]
[('list1', 'foo'), ('list2', 'foo bar baz'), ('list3', 'alice, bob'), ('list4', 'foo bar baz alice, bob')]
---
'string value'
'true'
'false'
None
---
values.string not a boolean ('string value')
True
False
False
False
True
---
['foo']
['foo', 'bar', 'baz']
['alice', 'bob']
['foo', 'bar', 'baz', 'alice', 'bob']
['foo', 'bar', 'baz', 'alice', 'bob']
[]
[]
['foo']
['foo']
['foo', 'bar']
['foo', 'bar']
['foo bar']
['foo', 'bar']
None
True
